1791342345.610486000 0
1791342346.160925000 0
1791342346.736130000 0
1791342347.303656000 0
1791342347.873699000 0
1791342348.440705000 0
1791342349.005406000 0
1791342349.558716000 1
1791342350.094745000 33
1791342350.636597000 40
1791342351.179055000 41
1791342351.727359000 40
1791342352.266050000 40
1791342352.805985000 41
1791342353.352916000 42
1791342353.897040000 42
1791342354.439969000 40
1791342354.984588000 36
1791342355.526507000 41
1791342356.070038000 41
1791342356.616021000 45
1791342357.160809000 45
1791342357.701593000 41
1791342358.247098000 49
1791342358.791527000 42
1791342359.334176000 43
1791342359.877630000 47
1791342360.429945000 43
1791342360.975690000 41
1791342361.526164000 48
1791342362.070855000 49
1791342362.613067000 51
1791342363.154627000 43
1791342363.704680000 42
1791342364.246751000 43
1791342364.789906000 42
1791342365.333251000 45
1791342365.880307000 42
1791342366.428201000 42
1791342366.977263000 43
1791342367.523367000 43
1791342368.063892000 46
1791342368.609118000 44
1791342369.153635000 47
1791342369.704271000 46
1791342370.249563000 41
1791342370.805128000 0
1791342371.370210000 0
1791342371.942521000 0
1791342372.501138000 0
1791342373.067989000 0
